  ran R101 (50)
  packed R101 (50)
  ran R101 (100)
  packed R101 (100)
  ran R1_2_1 (200)
  packed R1_2_1 (200)
  ran R102 (100)
  packed R102 (100)
  ran RC104 (100)
  packed RC104 (100)
  ran C101 (50)
  packed C101 (50)
  ran C101 (100)
  packed C101 (100)
  ran C104 (100)
  packed C104 (100)
  ran PR11 (48)
  packed PR11 (48)
  ran PR10 (288)
  packed PR10 (288)
  ran R104 (100)
  packed R104 (100)
  ran PR15 (240)
  packed PR15 (240)
  ran C1_2_1 (200)
  packed C1_2_1 (200)
  ran RC1_2_1 (200)
  packed RC1_2_1 (200)
ANIM_EXCH_COMPLETE
