
Gurobi 13.0.2 (mac64[arm]) logging started Thu Sep 17 18:23:34 2026

Set parameter LogFile to value "/Users/kirtisoglu/GitHub/UAV-Routing/paper_runs/results/details/misocp_r101_100_tight_1h.log"
Gurobi Optimizer version 13.0.2 build v13.0.2rc1 (mac64[arm] - Darwin 23.6.0 23G93)

CPU model: Apple M3 Pro
Thread count: 11 physical cores, 11 logical processors, using up to 11 threads

Non-default parameters:
TimeLimit  3600
FeasibilityTol  1e-09
IntFeasTol  1e-09
MIPGap  0
MIPGapAbs  0
OptimalityTol  1e-09
Method  2
ScaleFlag  2
BarConvTol  1e-12
BarQCPConvTol  1e-12
MIPFocus  1
NumericFocus  3
Seed  42

Optimize a model with 81206 rows, 60802 columns and 242706 nonzeros (Max)
Model fingerprint: 0xdeebe3a4
Model has 200 linear objective coefficients
Model has 30300 quadratic constraints
Variable types: 50601 continuous, 10201 integer (10201 binary)
Coefficient statistics:
  Matrix range     [6e-03, 3e+00]
  QMatrix range    [1e+00, 1e+00]
  Objective range  [2e+02, 4e+04]
  Bounds range     [1e+00, 3e+00]
  RHS range        [1e-01, 1e+00]

Presolve removed 46868 rows and 35148 columns
Presolve time: 0.92s
Presolved: 34338 rows, 25654 columns, 204263 nonzeros
Presolved model has 12729 quadratic constraint(s)
Variable types: 21314 continuous, 4340 integer (4340 binary)
Root barrier log...

Ordering time: 0.26s

Barrier statistics:
 Dense cols : 371
 AA' NZ     : 1.694e+06
 Factor NZ  : 3.107e+06 (roughly 36 MB of memory)
 Factor Ops : 2.312e+09 (less than 1 second per iteration)
 Threads    : 11

                  Objective                Residual
Iter       Primal          Dual         Primal    Dual     Compl     Time
   0   2.47635769e+07  2.58722192e+08  4.01e+04 3.73e+03  1.18e+07     1s
   1   1.68175184e+07  3.13444897e+08  2.95e+04 3.22e+03  8.62e+06     1s
   2   9.90818676e+06  3.55004314e+08  1.73e+04 3.80e-09  5.18e+06     1s
   3   1.13701492e+06  3.55694766e+08  1.93e+03 1.07e-09  5.87e+05     2s
   4   1.93529034e+05  3.23457164e+08  2.67e+02 4.72e-10  8.66e+04     2s
   5   8.50841109e+04  2.18475790e+08  6.91e+01 5.25e-10  2.37e+04     2s
   6   5.70569338e+04  1.13062727e+08  2.39e+01 4.27e-10  8.46e+03     2s
   7   5.00573528e+04  5.30540868e+07  9.20e+00 2.10e-10  3.29e+03     2s
   8   4.86919423e+04  2.95945074e+07  5.17e+00 1.58e-10  1.78e+03     2s
   9   4.54912694e+04  1.66554897e+07  2.81e+00 8.37e-11  9.62e+02     2s
  10   3.78166743e+04  7.84676902e+06  1.07e+00 1.06e-10  4.11e+02     2s
  11   2.41558240e+04  1.93198908e+06  2.28e-01 1.21e-10  9.54e+01     2s
  12   1.93574517e+04  6.05831805e+05  4.64e-02 9.29e-11  2.43e+01     2s
  13   2.44362277e+04  3.20222808e+05  8.73e-03 7.48e-11  9.58e+00     2s
  14   2.98852398e+04  1.78323130e+05  5.19e-03 6.45e-11  4.68e+00     2s
  15   3.47731199e+04  1.25465078e+05  3.20e-03 3.33e-11  2.79e+00     2s
  16   4.12807256e+04  9.92890819e+04  1.75e-03 1.78e-11  1.75e+00     2s
  17   4.60194386e+04  7.72203024e+04  1.08e-03 1.84e-11  9.41e-01     2s
  18   4.89309107e+04  6.71256169e+04  7.47e-04 1.06e-11  5.52e-01     2s
  19   4.93634404e+04  6.49602749e+04  7.01e-04 8.97e-12  4.76e-01     2s
  20   4.96810737e+04  6.40847626e+04  6.59e-04 9.82e-12  4.39e-01     2s
  21   5.15410139e+04  6.16694399e+04  4.57e-04 9.76e-12  3.09e-01     2s
  22   5.20795338e+04  6.00939695e+04  4.04e-04 1.18e-11  2.46e-01     2s
  23   5.41888035e+04  5.84078362e+04  1.75e-04 9.92e-12  1.28e-01     2s
  24   5.45829420e+04  5.75805683e+04  1.38e-04 9.54e-12  9.14e-02     2s
  25   5.49264449e+04  5.68471022e+04  1.10e-04 1.02e-11  5.95e-02     2s
  26   5.54485265e+04  5.66135654e+04  6.69e-05 1.05e-11  3.61e-02     2s
  27   5.56166608e+04  5.65170389e+04  4.74e-05 8.19e-12  2.77e-02     2s
  28   5.57979349e+04  5.63743444e+04  3.18e-05 9.09e-12  1.78e-02     3s
  29   5.59043407e+04  5.63117047e+04  2.30e-05 1.27e-11  1.26e-02     3s
  30   5.60686685e+04  5.62482075e+04  1.01e-05 1.73e-11  5.53e-03     3s
  31   5.61487417e+04  5.62115781e+04  3.89e-06 6.03e-12  1.95e-03     3s
  32   5.61957060e+04  5.62027635e+04  3.91e-07 6.70e-12  2.17e-04     3s
  33   5.62007953e+04  5.62015437e+04  1.66e-07 1.22e-11  2.28e-05     3s
  34   5.62013180e+04  5.62013928e+04  1.25e-08 7.78e-12  2.29e-06     3s
  35   5.62013701e+04  5.62013776e+04  1.25e-09 8.56e-12  2.29e-07     3s
  36   5.62013754e+04  5.62013761e+04  1.24e-10 6.66e-12  2.29e-08     3s
  37   5.62013759e+04  5.62013760e+04  1.57e-11 1.06e-11  2.29e-09     3s
  38   5.62013759e+04  5.62013759e+04  1.67e-11 5.78e-12  2.29e-10     3s
  39   5.62013759e+04  5.62013759e+04  8.54e-12 2.19e-11  2.29e-11     3s
  40   5.62013759e+04  5.62013759e+04  6.73e-12 2.90e-11  2.31e-12     3s
  41   5.62013759e+04  5.62013759e+04  1.13e-12 2.55e-11  2.42e-13     3s

Barrier solved model in 41 iterations and 3.35 seconds (6.29 work units)
Optimal objective 5.62013759e+04

Crossover time: 0.03 seconds (0.03 work units)

Root relaxation: objective 5.620138e+04, 2188 iterations, 2.42 seconds (4.56 work units)

    Nodes    |    Current Node    |     Objective Bounds      |     Work
 Expl Unexpl |  Obj  Depth IntInf | Incumbent    BestBd   Gap | It/Node Time

     0     0 56201.3759    0  147          - 56201.3759      -     -    3s
     0     0 56201.3759    0  147          - 56201.3759      -     -    3s
H    0     0                    11066.424006 56201.3759   408%     -    3s
H    0     0                    13071.113546 54612.7137   318%     -    4s
H    0     0                    19374.191786 54612.7137   182%     -    4s
H    0     2                    19664.033943 54612.7137   178%     -    5s
     0     2 54612.7137    0  147 19664.0339 54612.7137   178%     -    5s
H    1     4                    19664.034273 54612.7137   178%   0.0    6s
H   34    35                    19664.034456 52319.3024   166%   230    8s
   513   204 44129.3335   26  111 19664.0345 50727.3198   158%  44.9   10s
H  591   223                    19917.772365 50727.3198   155%  40.8   10s
H  862   313                    20063.627605 47006.6245   134%  37.3   43s
   863   314 27181.9683   30  147 20063.6276 50552.1976   152%  37.3   49s
   865   315 25607.3634   29  163 20063.6276 37125.2739  85.0%  37.2   54s
H  865   299                    20217.877569 37125.2739  83.6%  37.2   55s
H  865   284                    21721.085508 37125.2739  70.9%  37.2   57s
H  865   269                    22042.791500 37125.2739  68.4%  37.2   57s
H  865   256                    22226.624102 36297.8823  63.3%  37.2   57s
H  865   243                    22383.330920 36297.8823  62.2%  37.2   57s
H  865   231                    22542.697900 36297.8823  61.0%  37.2   58s
H  865   219                    22632.350288 36297.8823  60.4%  37.2   58s
H  865   208                    22884.442401 36297.8823  58.6%  37.2   59s
H  866   201                    22884.442628 36297.8823  58.6%  40.4   60s
H  867   193                    22884.442959 36297.8823  58.6%  40.3   62s
  1260   302 29764.7317   33  107 22884.4430 35451.4362  54.9%  45.4   65s
H 1417   282                    22884.443054 34377.1747  50.2%  47.0   66s
H 1721   428                    22884.443082 33531.0819  46.5%  48.3   68s
  1773   444 infeasible   37      22884.4431 33425.4817  46.1%  48.4   70s
H 1792   444                    22884.443116 33425.4817  46.1%  48.7   70s
H 2220   586                    22884.443462 33059.0606  44.5%  49.3   73s
  2321   621 23708.8548   43   66 22884.4435 32903.4577  43.8%  49.6   75s
  2573   725 26242.1467   34   74 22884.4435 32717.4610  43.0%  51.2   80s
  2817   842 27073.2939   33   80 22884.4435 32455.6792  41.8%  52.2   85s
  3583  1128     cutoff   39      22884.4435 31922.8624  39.5%  53.4   90s
  3726  1162     cutoff   33      22884.4435 31922.8624  39.5%  53.5   95s
  4589  1512 infeasible   27      22884.4435 31571.3124  38.0%  55.4  100s
  5670  1806 24225.5909   25   88 22884.4435 31205.3480  36.4%  57.5  106s
  6529  2072     cutoff   28      22884.4435 30853.5372  34.8%  59.4  110s
  7337  2244 infeasible   33      22884.4435 30649.7454  33.9%  60.1  116s
  7864  2408     cutoff   35      22884.4435 30436.4949  33.0%  60.7  120s
  8827  2717 28006.8168   28   86 22884.4435 30275.8783  32.3%  61.0  126s
  9081  2850     cutoff   40      22884.4435 30216.8793  32.0%  60.9  131s
 10034  3226 26929.8688   25  105 22884.4435 30074.0234  31.4%  61.6  136s
 10960  3423     cutoff   35      22884.4435 29918.7955  30.7%  63.3  141s
 11694  3704     cutoff   37      22884.4435 29905.5615  30.7%  63.9  146s
 12864  4014 23279.0310   36   87 22884.4435 29679.0264  29.7%  65.0  152s
 14003  4343 23549.4207   38   55 22884.4435 29520.4516  29.0%  65.7  157s
 14697  4523 infeasible   43      22884.4435 29414.3399  28.5%  65.9  160s
 15906  4858 26968.1703   32   91 22884.4435 29275.3652  27.9%  66.4  170s
 17282  5249 26063.9629   36   81 22884.4435 29160.4269  27.4%  67.1  177s
 18163  5409 28134.4486   29  108 22884.4435 29032.3114  26.9%  67.4  181s
 18819  5585 infeasible   42      22884.4435 28964.7384  26.6%  67.8  185s
 19757  5720 25495.8561   34   67 22884.4435 28882.4301  26.2%  68.0  192s
 20371  6036 infeasible   41      22884.4435 28843.3867  26.0%  68.3  197s
 21384  6267 27369.0690   23  136 22884.4435 28771.7785  25.7%  68.4  201s
 22353  6486 infeasible   30      22884.4435 28686.4966  25.4%  68.9  207s
 23183  6744 23695.6252   42   85 22884.4435 28629.8386  25.1%  69.3  211s
 24288  6987 23267.6984   47   59 22884.4435 28560.2077  24.8%  69.7  216s
 25352  7167 26361.8470   31   91 22884.4435 28485.0648  24.5%  70.2  223s
 26074  7466 26088.8373   36   82 22884.4435 28431.3181  24.2%  70.5  228s
 27255  7656 26621.3056   36   70 22884.4435 28338.5527  23.8%  70.9  234s
 28290  7819 27406.0426   33   88 22884.4435 28279.2159  23.6%  71.3  242s
 29165  8107 26027.7158   33   84 22884.4435 28232.8443  23.4%  71.7  247s
 30417  8327 26803.0615   35   90 22884.4435 28146.0886  23.0%  72.2  255s
 31301  8520 25198.3289   28   97 22884.4435 28084.7287  22.7%  72.4  263s
 32156  8660 27479.9723   34  138 22884.4435 28058.3590  22.6%  72.9  272s
 32817  8944 27126.9163   30   99 22884.4435 28019.7117  22.4%  73.1  279s
 33961  9203 26826.5404   36   61 22884.4435 27957.6587  22.2%  73.4  285s
 35136  9505 27207.8838   32   94 22884.4435 27926.9199  22.0%  73.7  292s
 36267  9762     cutoff   41      22884.4435 27895.1053  21.9%  74.1  298s
 37340 10034 25220.6427   41   84 22884.4435 27834.3132  21.6%  74.4  304s
 38427 10249 23052.3311   38   30 22884.4435 27783.1806  21.4%  74.9  311s
 39388 10519 26641.5868   38   78 22884.4435 27772.4955  21.4%  75.2  318s
 40391 10710 25962.1536   37   60 22884.4435 27705.3538  21.1%  75.4  324s
 41460 10971 infeasible   38      22884.4435 27668.3273  20.9%  75.6  332s
 42689 11138 infeasible   49      22884.4435 27619.0860  20.7%  76.0  339s
 43631 11439 25746.9376   40   84 22884.4435 27597.2726  20.6%  76.2  345s
 44925 11612 23337.9605   42   74 22884.4435 27563.2054  20.4%  76.4  352s
 45819 11919     cutoff   37      22884.4435 27535.9758  20.3%  76.7  359s
 47056 12080 24874.0035   41   74 22884.4435 27494.5748  20.1%  77.0  366s
 48177 12276 26579.4125   33   62 22884.4435 27474.1461  20.1%  77.2  373s
 49218 12423     cutoff   42      22884.4435 27442.1103  19.9%  77.4  379s
 49999 12613 26059.5490   37   86 22884.4435 27407.9694  19.8%  77.7  387s
 50938 12844 25414.2021   38  103 22884.4435 27376.9425  19.6%  78.0  393s
 51984 13029 24532.6741   39   75 22884.4435 27356.4441  19.5%  78.1  401s
 52846 13267     cutoff   35      22884.4435 27317.4233  19.4%  78.4  407s
 53975 13476 24958.1791   42   61 22884.4435 27290.2540  19.3%  79.0  413s
 55024 13656 26744.1295   39   98 22884.4435 27259.4788  19.1%  79.4  420s
 55866 13876 25485.8124   31  110 22884.4435 27236.9684  19.0%  79.7  428s
 56897 14099 25067.5270   42   41 22884.4435 27212.5637  18.9%  80.1  434s
 57997 14255 25462.0513   37   99 22884.4435 27173.6339  18.7%  80.6  441s
 58713 14436     cutoff   39      22884.4435 27154.4017  18.7%  81.0  448s
 59691 14634 24091.5188   40   72 22884.4435 27133.1514  18.6%  81.3  456s
 60596 14867 infeasible   43      22884.4435 27115.1677  18.5%  81.8  462s
 61473 15016 infeasible   27      22884.4435 27096.8237  18.4%  82.2  469s
 62403 15178 24698.8906   30   93 22884.4435 27074.4567  18.3%  82.6  476s
 63448 15279 24240.1948   46   77 22884.4435 27055.8698  18.2%  82.9  483s
 64073 15479     cutoff   43      22884.4435 27053.3066  18.2%  83.2  490s
 65067 15714 infeasible   39      22884.4435 27025.0776  18.1%  83.7  497s
 65968 15886 infeasible   50      22884.4435 27003.3322  18.0%  84.0  504s
 66973 16121 25578.2866   27   73 22884.4435 26980.4155  17.9%  84.3  510s
 68012 16282 25642.2679   44   66 22884.4435 26963.5365  17.8%  84.6  518s
 68971 16561 infeasible   34      22884.4435 26945.0607  17.7%  85.0  525s
 70051 16686 24081.5929   45   53 22884.4435 26925.1468  17.7%  85.4  531s
 70862 16797     cutoff   32      22884.4435 26907.1904  17.6%  86.0  538s
 71871 16953 25862.7010   32   94 22884.4435 26888.2703  17.5%  86.4  547s
 72809 17167 infeasible   39      22884.4435 26873.9650  17.4%  86.6  554s
 73892 17303 25842.3689   34   91 22884.4435 26851.0124  17.3%  86.9  561s
 74537 17471 24923.2311   30   73 22884.4435 26838.7619  17.3%  87.1  567s
 75615 17702 infeasible   40      22884.4435 26824.9216  17.2%  87.5  574s
 76637 17797     cutoff   44      22884.4435 26812.7874  17.2%  87.8  582s
 77209 17942 24216.1747   49   51 22884.4435 26801.7966  17.1%  88.0  588s
 78290 18136 infeasible   41      22884.4435 26779.0367  17.0%  88.5  595s
 79178 18284 24391.1734   43   68 22884.4435 26761.6067  16.9%  88.8  602s
 80301 18457     cutoff   46      22884.4435 26741.7260  16.9%  89.2  609s
 81140 18611 24970.9865   31   67 22884.4435 26722.1971  16.8%  89.5  617s
 82155 18774 24994.9605   27   77 22884.4435 26706.2666  16.7%  89.9  623s
 83158 18859 infeasible   37      22884.4435 26689.0416  16.6%  90.3  629s
 83919 19018     cutoff   33      22884.4435 26670.0739  16.5%  90.6  635s
 85006 19232 23478.3042   37   65 22884.4435 26654.6143  16.5%  91.0  641s
 86122 19357 25496.7257   34   89 22884.4435 26635.6482  16.4%  91.2  647s
 86984 19477 25910.1570   32   67 22884.4435 26618.2979  16.3%  91.4  652s
 88010 19614 24631.4196   36   70 22884.4435 26604.6552  16.3%  91.9  658s
 88996 19696     cutoff   46      22884.4435 26590.9750  16.2%  92.2  665s
 89632 19831 26084.8458   36   77 22884.4435 26581.0300  16.2%  92.4  671s
 90434 19939     cutoff   45      22884.4435 26567.3552  16.1%  92.7  678s
 91381 19984 25645.6562   41   78 22884.4435 26555.8011  16.0%  93.0  688s
 92051 20109 24270.8995   40   63 22884.4435 26541.4371  16.0%  93.4  695s
 93108 20288 25817.0268   38   70 22884.4435 26522.0031  15.9%  93.7  702s
 94182 20413 24388.3950   32   63 22884.4435 26508.1217  15.8%  94.0  709s
 95019 20558     cutoff   38      22884.4435 26494.7944  15.8%  94.3  716s
 95987 20690 25781.4236   33   91 22884.4435 26478.0343  15.7%  94.5  723s
 96970 20813 infeasible   62      22884.4435 26478.0343  15.7%  94.9  728s
 97906 20957 infeasible   33      22884.4435 26448.2950  15.6%  95.4  735s
 98674 21056 infeasible   41      22884.4435 26432.4663  15.5%  95.7  741s
 99604 21205 25850.1490   35   90 22884.4435 26421.6605  15.5%  96.0  747s
 100677 21270     cutoff   40      22884.4435 26406.3967  15.4%  96.3  754s
 101243 21347 25458.1920   39  110 22884.4435 26394.9897  15.3%  96.6  761s
 101818 21447 23655.8893   35   61 22884.4435 26390.9515  15.3%  96.9  768s
 102862 21547 24067.3051   42   50 22884.4435 26369.3470  15.2%  97.2  775s
 103733 21730 23721.5977   55   80 22884.4435 26356.0045  15.2%  97.5  780s
 104839 21880 25261.0323   35   86 22884.4435 26337.3260  15.1%  97.9  787s
 105886 21996 23896.4307   38   64 22884.4435 26320.6332  15.0%  98.2  797s
 106651 22102 24271.9346   40   98 22884.4435 26313.1777  15.0%  98.5  803s
 107633 22193     cutoff   46      22884.4435 26291.5442  14.9%  98.9  810s
 108644 22312 25430.5517   42  110 22884.4435 26273.9445  14.8%  99.2  818s
 109490 22414 25719.0013   38   93 22884.4435 26261.5452  14.8%  99.4  825s
 110536 22493 25887.7999   38   72 22884.4435 26246.0157  14.7%   100  831s
 111493 22607 24603.7651   39   39 22884.4435 26231.3946  14.6%   100  839s
 112223 22660     cutoff   36      22884.4435 26220.8024  14.6%   100  847s
 112997 22735     cutoff   42      22884.4435 26213.1393  14.5%   101  853s
 114005 22841 25136.8495   46   72 22884.4435 26199.8398  14.5%   101  861s
 114865 22897     cutoff   43      22884.4435 26183.1281  14.4%   101  869s
 115637 22980 23776.3164   36   55 22884.4435 26172.3834  14.4%   102  876s
 116610 23058 24455.8755   41   70 22884.4435 26161.1209  14.3%   102  883s
 117625 23163 24143.2388   36   50 22884.4435 26148.3751  14.3%   102  891s
 118382 23292     cutoff   39      22884.4435 26139.4474  14.2%   103  898s
 119421 23396 23996.1113   44   64 22884.4435 26122.9290  14.2%   103  906s
 120450 23460     cutoff   38      22884.4435 26108.1167  14.1%   103  913s
 121210 23507 24896.2800   40   77 22884.4435 26097.7416  14.0%   103  920s
 121956 23562 23461.0827   43   45 22884.4435 26087.8642  14.0%   104  929s
 122677 23668 25704.1799   35   58 22884.4435 26075.7788  13.9%   104  935s
 123707 23732     cutoff   38      22884.4435 26062.9804  13.9%   105  942s
 124618 23831     cutoff   32      22884.4435 26044.2301  13.8%   105  948s
 125574 23895 24427.0908   31  115 22884.4435 26034.8568  13.8%   105  954s
 126615 24009 23461.2004   44   81 22884.4435 26021.1706  13.7%   106  960s
 127431 24075 24642.3101   41   66 22884.4435 26012.5030  13.7%   106  967s
 128462 24183 24849.9124   34   94 22884.4435 25999.4034  13.6%   106  976s
 129492 24267 infeasible   43      22884.4435 25985.0087  13.5%   106  984s
 130167 24321 24666.7591   44   75 22884.4435 25978.9107  13.5%   107  992s
 131236 24436     cutoff   33      22884.4435 25964.9909  13.5%   107 1000s
 132253 24484 24063.4614   45   85 22884.4435 25954.0030  13.4%   107 1007s
 132974 24569     cutoff   36      22884.4435 25945.8172  13.4%   107 1014s
 133772 24676     cutoff   47      22884.4435 25934.6286  13.3%   108 1020s
 134909 24810 infeasible   41      22884.4435 25925.5053  13.3%   108 1026s
 135897 24872     cutoff   41      22884.4435 25915.1353  13.2%   108 1034s
 136439 24994 23897.9319   40   73 22884.4435 25909.5333  13.2%   108 1041s
 137550 25083 23871.8245   48   86 22884.4435 25896.8255  13.2%   109 1050s
 138409 25185 22898.0439   29   79 22884.4435 25886.1916  13.1%   109 1058s
 139240 25268 24398.5233   35   69 22884.4435 25878.1894  13.1%   109 1064s
 140221 25331     cutoff   36      22884.4435 25868.2164  13.0%   109 1069s
 141149 25407     cutoff   38      22884.4435 25853.2458  13.0%   110 1075s
 142150 25448 25440.2806   36   89 22884.4435 25841.9553  12.9%   110 1082s
 142928 25510 25505.3673   38   86 22884.4435 25834.8893  12.9%   110 1089s
 143677 25526     cutoff   40      22884.4435 25825.2709  12.9%   111 1097s
 144670 25554 24741.8799   39   97 22884.4435 25815.6365  12.8%   111 1104s
 145479 25617 25125.2602   38   78 22884.4435 25806.6431  12.8%   111 1110s
 146440 25694 24479.4696   30   78 22884.4435 25796.7337  12.7%   111 1117s
 147408 25747 24345.6814   58   66 22884.4435 25784.6829  12.7%   112 1123s
 148284 25766     cutoff   41      22884.4435 25773.5849  12.6%   112 1131s
 148948 25814     cutoff   48      22884.4435 25766.6496  12.6%   112 1138s
 150001 25872 23460.6454   35   75 22884.4435 25758.1255  12.6%   112 1145s
 151019 25896 23581.4056   39   63 22884.4435 25746.2281  12.5%   113 1153s
 151819 25943 25395.6901   39   80 22884.4435 25735.0635  12.5%   113 1160s
 152831 25960     cutoff   33      22884.4435 25728.1464  12.4%   113 1168s
 153639 26029 23754.7605   41   58 22884.4435 25717.7815  12.4%   113 1175s
 154555 26056 23737.0467   38   92 22884.4435 25706.7481  12.3%   114 1182s
 155192 26127 infeasible   40      22884.4435 25699.0114  12.3%   114 1188s
 156224 26193 24667.2594   36   80 22884.4435 25687.6892  12.2%   114 1194s
 157168 26221 23373.6076   46   56 22884.4435 25679.8366  12.2%   114 1202s
 157904 26266     cutoff   43      22884.4435 25674.8938  12.2%   115 1209s
 158944 26405     cutoff   47      22884.4435 25667.3088  12.2%   115 1217s
 159995 26438 24568.9558   36  101 22884.4435 25658.0583  12.1%   115 1225s
 160706 26498 infeasible   39      22884.4435 25648.5552  12.1%   115 1232s
 161699 26579 22999.6085   40   38 22884.4435 25640.0742  12.0%   116 1239s
 162615 26605 23589.6320   30   91 22884.4435 25632.9871  12.0%   116 1247s
 163235 26647     cutoff   36      22884.4435 25624.4977  12.0%   116 1256s
 163880 26696 infeasible   44      22884.4435 25617.7521  11.9%   117 1263s
 165022 26731 24645.4274   46   63 22884.4435 25609.4464  11.9%   117 1270s
 165814 26739 24872.6468   44  105 22884.4435 25598.1152  11.9%   117 1277s
 166771 26822 23350.1724   43   79 22884.4435 25590.3262  11.8%   117 1284s
 167779 26877 24313.1992   41   81 22884.4435 25576.9001  11.8%   118 1291s
 168776 26891 24262.1739   52   67 22884.4435 25565.4004  11.7%   118 1299s
 169644 26930 25313.1494   34   78 22884.4435 25555.1249  11.7%   118 1306s
 170579 27010 24889.4022   36   83 22884.4435 25548.9109  11.6%   118 1313s
 171634 27015 23787.1901   41   64 22884.4435 25540.7784  11.6%   119 1322s
 172272 27026 23030.1939   50   93 22884.4435 25528.6054  11.6%   119 1329s
 173230 27059 25147.5046   38   90 22884.4435 25521.2760  11.5%   119 1338s
 174353 27094 infeasible   39      22884.4435 25507.4915  11.5%   120 1345s
 175158 27109 infeasible   33      22884.4435 25502.4201  11.4%   120 1354s
 175811 27134 24026.3942   46  118 22884.4435 25492.9941  11.4%   120 1362s
 176786 27148 23379.5825   43   88 22884.4435 25483.9808  11.4%   120 1370s
 177512 27159 24820.9175   47   48 22884.4435 25476.6180  11.3%   120 1377s
 178455 27157 24941.9023   39   89 22884.4435 25465.3405  11.3%   121 1385s
 179323 27178 23650.8157   33   63 22884.4435 25458.9705  11.3%   121 1391s
 180304 27137 infeasible   36      22884.4435 25448.0751  11.2%   121 1400s
 180884 27075 23595.3813   34   70 22884.4435 25440.7770  11.2%   122 1411s
 182817 27048 23948.3683   35   62 22884.4435 25421.9682  11.1%   122 1421s
 183740 26991 infeasible   42      22884.4435 25407.0847  11.0%   123 1430s
 185018 26992     cutoff   40      22884.4435 25395.0358  11.0%   123 1439s
 186292 27025 23724.9906   46   77 22884.4435 25378.7006  10.9%   123 1448s
 187312 26974 23933.0727   42   48 22884.4435 25375.4079  10.9%   124 1457s
 187911 26874     cutoff   49      22884.4435 25360.4339  10.8%   124 1470s
 189573 26848 23690.5146   43   92 22884.4435 25342.9015  10.7%   124 1481s
 190955 26809     cutoff   41      22884.4435 25331.0279  10.7%   125 1490s
 191982 26744 infeasible   38      22884.4435 25318.7223  10.6%   125 1499s
 193184 26719     cutoff   32      22884.4435 25304.0305  10.6%   125 1508s
 194151 26699 23806.2173   39   71 22884.4435 25295.6423  10.5%   126 1519s
 195316 26639 24261.7831   41   72 22884.4435 25283.3135  10.5%   126 1525s
 196278 26596 24516.6115   37   67 22884.4435 25272.0242  10.4%   126 1533s
 197162 26578     cutoff   39      22884.4435 25263.5190  10.4%   127 1542s
 198385 26540 24531.5237   38   78 22884.4435 25250.0668  10.3%   127 1548s
 199347 26529 24245.9581   37   57 22884.4435 25242.1432  10.3%   127 1557s
 200137 26486 infeasible   41      22884.4435 25233.6455  10.3%   128 1567s
 201241 26422 23956.4746   41   67 22884.4435 25220.0101  10.2%   128 1577s
 202514 26330     cutoff   46      22884.4435 25210.3203  10.2%   128 1587s
 203620 26233     cutoff   34      22884.4435 25198.3563  10.1%   129 1595s
 204873 26200 infeasible   40      22884.4435 25184.4994  10.1%   129 1604s
 205895 26153 24601.9057   37   60 22884.4435 25168.7795  10.0%   129 1613s
 207065 26054 24943.9773   38   86 22884.4435 25158.7391  9.94%   130 1623s
 208111 25923     cutoff   49      22884.4435 25144.9534  9.88%   130 1633s
 209347 25836     cutoff   37      22884.4435 25131.0529  9.82%   130 1643s
 210448 25783     cutoff   39      22884.4435 25113.6906  9.74%   131 1653s
 211508 25721 24095.2695   34   77 22884.4435 25102.9231  9.69%   131 1663s
 212523 25653     cutoff   48      22884.4435 25091.5034  9.64%   131 1675s
 213377 25574     cutoff   35      22884.4435 25081.2016  9.60%   132 1685s
 214630 25386     cutoff   40      22884.4435 25068.3673  9.54%   132 1694s
 215809 25255 24420.3145   39   68 22884.4435 25052.9288  9.48%   132 1704s
 216832 25123 infeasible   45      22884.4435 25038.2966  9.41%   133 1715s
 218125 25053 23675.7933   34   94 22884.4435 25024.1632  9.35%   133 1725s
 219144 24992 infeasible   28      22884.4435 25012.3654  9.30%   133 1736s
 220115 24904 23608.2678   44   74 22884.4435 25003.2516  9.26%   134 1745s
 221436 24837     cutoff   40      22884.4435 24989.7603  9.20%   134 1756s
 222356 24764     cutoff   36      22884.4435 24981.4667  9.16%   134 1766s
 223619 24647 23675.4844   40   61 22884.4435 24962.7759  9.08%   135 1776s
 224694 24581 24417.5049   38   64 22884.4435 24953.3524  9.04%   135 1785s
 225949 24510 23977.6059   36   84 22884.4435 24939.3412  8.98%   135 1796s
 227066 24362     cutoff   35      22884.4435 24928.0113  8.93%   135 1806s
 228204 24299 24024.0493   39   86 22884.4435 24915.3831  8.87%   136 1818s
 228943 24184     cutoff   42      22884.4435 24906.0640  8.83%   136 1829s
 229991 24059 24248.1817   40   67 22884.4435 24895.1928  8.79%   136 1839s
 231208 23898     cutoff   46      22884.4435 24882.0186  8.73%   137 1851s
 232213 23773 infeasible   45      22884.4435 24869.3084  8.67%   137 1862s
 233484 23639     cutoff   42      22884.4435 24856.5254  8.62%   137 1874s
 234521 23514 24269.1126   36  102 22884.4435 24843.0496  8.56%   138 1884s
 235578 23372 24119.0520   31   69 22884.4435 24830.7227  8.50%   138 1894s
 236921 23207 23794.2423   36   94 22884.4435 24817.0469  8.45%   138 1903s
 237986 23085 23280.0286   39   42 22884.4435 24803.0154  8.38%   138 1911s
 239102 22971 23875.7787   52   76 22884.4435 24791.2667  8.33%   139 1920s
 239967 22821 23255.6679   45   67 22884.4435 24779.3080  8.28%   139 1929s
 241164 22704     cutoff   43      22884.4435 24765.6708  8.22%   139 1942s
 242183 22513     cutoff   41      22884.4435 24749.7416  8.15%   140 1951s
 243468 22357 24501.5827   33   77 22884.4435 24735.0873  8.09%   140 1961s
 244709 22208     cutoff   49      22884.4435 24722.6070  8.03%   140 1971s
 245618 22043 infeasible   47      22884.4435 24711.6598  7.98%   141 1980s
 246684 21899 23751.2207   42   40 22884.4435 24695.6983  7.91%   141 1991s
 247659 21707 24014.6711   44   67 22884.4435 24689.0313  7.89%   141 2000s
 248941 21516 23100.2134   45   86 22884.4435 24673.4860  7.82%   142 2011s
 249955 21365 23413.4277   40   60 22884.4435 24656.1303  7.74%   142 2021s
 251049 21183 infeasible   52      22884.4435 24643.9124  7.69%   142 2032s
 252124 20972 infeasible   41      22884.4435 24629.7333  7.63%   142 2042s
 253131 20720     cutoff   41      22884.4435 24617.0262  7.57%   143 2053s
 254410 20542 24214.7110   46   94 22884.4435 24605.0862  7.52%   143 2062s
 255414 20343     cutoff   47      22884.4435 24593.0715  7.47%   143 2072s
 256455 20166     cutoff   46      22884.4435 24577.2300  7.40%   144 2083s
 257565 19920     cutoff   39      22884.4435 24562.7560  7.33%   144 2093s
 258794 19745     cutoff   42      22884.4435 24550.8921  7.28%   144 2103s
 259773 19493     cutoff   45      22884.4435 24534.0145  7.21%   145 2113s
 260977 19259 infeasible   48      22884.4435 24523.1313  7.16%   145 2125s
 261882 19024 23804.7634   42   63 22884.4435 24506.5843  7.09%   145 2135s
 262978 18722     cutoff   43      22884.4435 24489.9681  7.02%   146 2147s
 264024 18479     cutoff   45      22884.4435 24477.1699  6.96%   146 2157s
 265260 18215 23534.7085   43   97 22884.4435 24457.8488  6.88%   146 2168s
 266307 17946 infeasible   46      22884.4435 24442.6604  6.81%   147 2179s
 267294 17676 23899.6325   53   94 22884.4435 24423.9630  6.73%   147 2190s
 268286 17251     cutoff   56      22884.4435 24409.8305  6.67%   147 2200s
 269429 16965     cutoff   40      22884.4435 24385.9623  6.56%   148 2210s
 270449 16623     cutoff   42      22884.4435 24365.4826  6.47%   148 2220s
 271523 16198     cutoff   39      22884.4435 24348.1409  6.40%   148 2230s
 272743 15840     cutoff   39      22884.4435 24328.3250  6.31%   149 2241s
 273801 15445 23473.9635   36   52 22884.4435 24307.5506  6.22%   149 2250s
 274972 15076     cutoff   42      22884.4435 24282.2790  6.11%   150 2261s
 275990 14686     cutoff   49      22884.4435 24262.4665  6.02%   150 2271s
 277242 14392     cutoff   46      22884.4435 24243.4399  5.94%   150 2283s
 278129 13992     cutoff   41      22884.4435 24227.1833  5.87%   151 2294s
 279376 13686     cutoff   37      22884.4435 24211.2445  5.80%   151 2305s
 280249 13235 infeasible   41      22884.4435 24191.5822  5.71%   151 2317s
 281505 12813     cutoff   34      22884.4435 24163.6715  5.59%   152 2328s
 282531 12272     cutoff   42      22884.4435 24139.1849  5.48%   152 2338s
 283724 11829     cutoff   39      22884.4435 24118.5136  5.39%   152 2349s
 284797 11314 infeasible   58      22884.4435 24090.6184  5.27%   153 2357s
 286064 10831 infeasible   55      22884.4435 24066.1146  5.16%   153 2367s
 287286 10600     cutoff   38      22884.4435 24036.3866  5.03%   153 2381s
 287879  9996     cutoff   42      22884.4435 24024.3318  4.98%   154 2391s
 289097  9435 23368.7818   40   87 22884.4435 23986.5586  4.82%   154 2402s
 290195  8768     cutoff   31      22884.4435 23960.4077  4.70%   154 2412s
 291394  8106 23239.3500   34   99 22884.4435 23915.9259  4.51%   155 2422s
 292449  7413     cutoff   40      22884.4435 23885.1360  4.37%   155 2432s
 293748  6724     cutoff   31      22884.4435 23846.9507  4.21%   155 2443s
 294851  5877 23126.8170   44   71 22884.4435 23803.9688  4.02%   156 2452s
 296067  5208     cutoff   38      22884.4435 23753.6971  3.80%   156 2463s
 297091  4299     cutoff   45      22884.4435 23711.2341  3.61%   156 2472s
 298317  3440     cutoff   33      22884.4435 23648.8600  3.34%   157 2483s
 299420  2345     cutoff   35      22884.4435 23595.3352  3.11%   157 2493s
 300758  1424 23140.7656   43   75 22884.4435 23496.4277  2.67%   157 2507s
 301847   209     cutoff   36      22884.4435 23406.1053  2.28%   157 2519s
 303160     0 infeasible   49      22884.4435 23149.2319  1.16%   158 2522s

Explored 303378 nodes (47843242 simplex iterations) in 2522.24 seconds (5632.24 work units)
Thread count was 11 (of 11 available processors)

Solution count 10: 22884.4 22542.7 22383.3 ... 19374.2

Optimal solution found (tolerance 0.00e+00)
Best objective 2.288444346178e+04, best bound 2.288444346178e+04, gap 0.0000%
