[resume] 126 runs on disk
[plan] 72 runs, 6 at a time, 600s each
[saved 1/72] R101 (50) th3/s3: obj=11921.13 tour=10 shakes=14480
[saved 2/72] R101 (50) th3/s5: obj=11921.13 tour=10 shakes=14538
[saved 3/72] R101 (50) th3/s4: obj=11921.13 tour=10 shakes=14464
[saved 4/72] R101 (50) th6/s3: obj=11921.13 tour=10 shakes=16043
[saved 5/72] R101 (50) th6/s5: obj=11921.13 tour=10 shakes=16149
[saved 6/72] R101 (50) th6/s4: obj=11921.13 tour=10 shakes=16137
[saved 7/72] R101 (100) th3/s3: obj=22884.32 tour=16 shakes=3135
[saved 8/72] R101 (50) th12/s4: obj=11921.13 tour=10 shakes=16222
[saved 9/72] R101 (50) th12/s5: obj=11921.13 tour=10 shakes=16305
[saved 10/72] R101 (100) th3/s4: obj=22884.32 tour=16 shakes=3141
[saved 11/72] R101 (100) th3/s5: obj=22884.32 tour=16 shakes=3233
[saved 12/72] R101 (50) th12/s3: obj=11921.13 tour=10 shakes=16171
[saved 13/72] R101 (100) th6/s3: obj=22884.32 tour=16 shakes=3559
[saved 14/72] R101 (100) th6/s5: obj=22884.32 tour=16 shakes=3549
[saved 15/72] R101 (100) th12/s4: obj=22884.32 tour=16 shakes=3915
[saved 16/72] R101 (100) th6/s4: obj=22884.32 tour=16 shakes=3511
[saved 17/72] R101 (100) th12/s5: obj=22884.32 tour=16 shakes=3908
[saved 18/72] R101 (100) th12/s3: obj=22884.32 tour=16 shakes=3850
[saved 19/72] R1_2_1 (200) th3/s3: obj=16745.42 tour=32 shakes=1342
[saved 20/72] R1_2_1 (200) th3/s5: obj=16949.90 tour=32 shakes=1306
[saved 21/72] R1_2_1 (200) th6/s5: obj=16745.42 tour=32 shakes=1622
[saved 22/72] R1_2_1 (200) th3/s4: obj=16902.90 tour=32 shakes=1309
[saved 23/72] R1_2_1 (200) th6/s3: obj=16949.90 tour=32 shakes=1611
[saved 24/72] R1_2_1 (200) th6/s4: obj=16902.90 tour=32 shakes=1563
[saved 25/72] R1_2_1 (200) th12/s3: obj=16949.90 tour=32 shakes=1731
[saved 26/72] C101 (50) th3/s3: obj=8591.92 tour=42 shakes=317
[saved 27/72] C101 (50) th3/s4: obj=8552.23 tour=43 shakes=313
[saved 28/72] R1_2_1 (200) th12/s4: obj=16949.90 tour=32 shakes=1825
[saved 29/72] R1_2_1 (200) th12/s5: obj=16949.90 tour=32 shakes=1767
[saved 30/72] C101 (50) th3/s5: obj=8565.37 tour=42 shakes=318
[saved 31/72] C101 (50) th6/s3: obj=8552.23 tour=43 shakes=440
[saved 32/72] C101 (50) th12/s3: obj=8575.65 tour=42 shakes=556
[saved 33/72] C101 (50) th6/s5: obj=8524.39 tour=42 shakes=438
[saved 34/72] C101 (50) th12/s4: obj=8575.65 tour=42 shakes=554
[saved 35/72] C101 (50) th6/s4: obj=8591.92 tour=42 shakes=432
[saved 36/72] C101 (50) th12/s5: obj=8591.92 tour=42 shakes=554
[saved 37/72] RC1_2_1 (200) th3/s3: obj=17534.62 tour=39 shakes=483
[saved 38/72] RC1_2_1 (200) th3/s4: obj=17440.66 tour=39 shakes=507
[saved 39/72] RC1_2_1 (200) th6/s4: obj=17306.96 tour=36 shakes=582
[saved 40/72] RC1_2_1 (200) th6/s3: obj=17238.73 tour=34 shakes=547
[saved 41/72] RC1_2_1 (200) th6/s5: obj=17393.34 tour=38 shakes=602
[saved 42/72] RC1_2_1 (200) th3/s5: obj=17982.71 tour=39 shakes=442
[saved 43/72] RC1_2_1 (200) th12/s3: obj=17647.58 tour=38 shakes=872
[saved 44/72] RC1_2_1 (200) th12/s4: obj=17532.84 tour=40 shakes=515
[saved 45/72] C104 (100) th3/s4: obj=17362.96 tour=92 shakes=52
[saved 46/72] C104 (100) th3/s3: obj=17700.14 tour=93 shakes=70
[saved 47/72] C104 (100) th3/s5: obj=17632.99 tour=94 shakes=63
[saved 48/72] RC1_2_1 (200) th12/s5: obj=17663.35 tour=39 shakes=939
[saved 49/72] C104 (100) th6/s3: obj=17700.14 tour=93 shakes=68
[saved 50/72] C104 (100) th6/s4: obj=17362.96 tour=92 shakes=60
[saved 51/72] C104 (100) th12/s4: obj=17447.57 tour=93 shakes=79
[saved 52/72] C104 (100) th12/s5: obj=17329.72 tour=94 shakes=80
[saved 53/72] C104 (100) th6/s5: obj=17632.99 tour=94 shakes=66
[saved 54/72] C104 (100) th12/s3: obj=17297.62 tour=94 shakes=70
[saved 55/72] RC104 (100) th3/s3: obj=36231.33 tour=30 shakes=1090
[saved 56/72] RC104 (100) th3/s4: obj=36242.62 tour=31 shakes=1209
[saved 57/72] RC104 (100) th6/s3: obj=36242.62 tour=31 shakes=1645
[saved 58/72] RC104 (100) th3/s5: obj=36242.62 tour=31 shakes=1196
[saved 59/72] RC104 (100) th6/s4: obj=35823.25 tour=31 shakes=1607
[saved 60/72] RC104 (100) th6/s5: obj=35823.25 tour=31 shakes=1598
[saved 61/72] RC104 (100) th12/s3: obj=35823.25 tour=31 shakes=1606
[saved 62/72] RC104 (100) th12/s4: obj=35823.25 tour=31 shakes=1550
[saved 63/72] RC104 (100) th12/s5: obj=35823.25 tour=31 shakes=1613
[saved 64/72] PR11 (48) th3/s3: obj=6449.32 tour=34 shakes=682
[saved 65/72] PR11 (48) th3/s5: obj=6446.58 tour=33 shakes=671
[saved 66/72] PR11 (48) th3/s4: obj=6486.73 tour=33 shakes=663
[saved 67/72] PR11 (48) th6/s3: obj=6542.71 tour=33 shakes=1335
[saved 68/72] PR11 (48) th6/s4: obj=6512.68 tour=34 shakes=1365
[saved 69/72] PR11 (48) th6/s5: obj=6516.13 tour=34 shakes=1413
[saved 70/72] PR11 (48) th12/s3: obj=6451.43 tour=33 shakes=2066
[saved 71/72] PR11 (48) th12/s5: obj=6534.52 tour=34 shakes=1913
[saved 72/72] PR11 (48) th12/s4: obj=6456.72 tour=33 shakes=1860

==============================================================
DONE -> /Users/kirtisoglu/GitHub/UAV-Routing/paper_runs/results/capdiv.csv
