[plan] 126 runs, 6 at a time, 600s each
[saved 1/126] R101 (50) th6/s0: obj=11921.13 tour=10 shakes=16532
[saved 2/126] R101 (50) th6/s1: obj=11921.13 tour=10 shakes=16524
[saved 3/126] R101 (50) th3/s0: obj=11921.13 tour=10 shakes=14737
[saved 4/126] R101 (50) th3/s1: obj=11921.13 tour=10 shakes=14798
[saved 5/126] R101 (50) th6/s2: obj=11921.13 tour=10 shakes=16414
[saved 6/126] R101 (50) th3/s2: obj=11921.13 tour=10 shakes=14765
[saved 7/126] R101 (50) th12/s0: obj=11921.13 tour=10 shakes=16671
[saved 8/126] R101 (100) th3/s0: obj=22884.32 tour=16 shakes=3181
[saved 9/126] R101 (50) th12/s2: obj=11921.13 tour=10 shakes=16535
[saved 10/126] R101 (100) th3/s2: obj=22884.32 tour=16 shakes=3232
[saved 11/126] R101 (100) th3/s1: obj=22884.32 tour=16 shakes=3211
[saved 12/126] R101 (50) th12/s1: obj=11921.13 tour=10 shakes=16674
[saved 13/126] R101 (100) th6/s0: obj=22884.32 tour=16 shakes=3502
[saved 14/126] R101 (100) th6/s1: obj=22884.32 tour=16 shakes=3563
[saved 15/126] R101 (100) th6/s2: obj=22884.32 tour=16 shakes=3482
[saved 16/126] R101 (100) th12/s0: obj=22884.32 tour=16 shakes=3848
[saved 17/126] R101 (100) th12/s2: obj=22884.32 tour=16 shakes=3945
[saved 18/126] R101 (100) th12/s1: obj=22884.32 tour=16 shakes=3904
[saved 19/126] R1_2_1 (200) th3/s0: obj=16745.42 tour=32 shakes=1300
[saved 20/126] R1_2_1 (200) th3/s1: obj=16949.90 tour=32 shakes=1292
[saved 21/126] R1_2_1 (200) th3/s2: obj=16949.90 tour=32 shakes=1274
[saved 22/126] R1_2_1 (200) th6/s2: obj=16949.90 tour=32 shakes=1532
[saved 23/126] R1_2_1 (200) th6/s1: obj=16949.90 tour=32 shakes=1520
[saved 24/126] R1_2_1 (200) th6/s0: obj=16643.46 tour=31 shakes=1547
[saved 25/126] R1_2_1 (200) th12/s0: obj=16949.90 tour=32 shakes=1541
[saved 26/126] R1_2_1 (200) th12/s1: obj=16586.21 tour=30 shakes=1724
[saved 27/126] C101 (50) th3/s2: obj=8591.92 tour=42 shakes=312
[saved 28/126] R1_2_1 (200) th12/s2: obj=16949.90 tour=32 shakes=1827
[saved 29/126] C101 (50) th3/s1: obj=8575.65 tour=42 shakes=317
[saved 30/126] C101 (50) th3/s0: obj=8558.29 tour=42 shakes=301
[saved 31/126] C101 (50) th6/s0: obj=8591.92 tour=42 shakes=422
[saved 32/126] C101 (50) th12/s0: obj=8527.00 tour=41 shakes=542
[saved 33/126] C101 (50) th6/s2: obj=8575.65 tour=42 shakes=445
[saved 34/126] C101 (50) th12/s2: obj=8591.92 tour=42 shakes=520
[saved 35/126] C101 (50) th12/s1: obj=8575.65 tour=42 shakes=561
[saved 36/126] C101 (50) th6/s1: obj=8543.52 tour=41 shakes=457
[saved 37/126] C101 (100) th3/s0: obj=11231.36 tour=48 shakes=305
[saved 38/126] C101 (100) th3/s1: obj=11064.19 tour=45 shakes=314
[saved 39/126] C101 (100) th3/s2: obj=11286.51 tour=47 shakes=316
[saved 40/126] C101 (100) th6/s2: obj=11205.22 tour=46 shakes=438
[saved 41/126] C101 (100) th6/s1: obj=11233.92 tour=47 shakes=437
[saved 42/126] C101 (100) th6/s0: obj=11209.37 tour=48 shakes=420
[saved 43/126] C101 (100) th12/s0: obj=11164.01 tour=46 shakes=610
[saved 44/126] C101 (100) th12/s1: obj=11256.39 tour=47 shakes=594
[saved 45/126] C101 (100) th12/s2: obj=11151.42 tour=48 shakes=580
[saved 46/126] C1_2_1 (200) th3/s0: obj=10396.58 tour=46 shakes=270
[saved 47/126] C1_2_1 (200) th3/s1: obj=10715.28 tour=50 shakes=281
[saved 48/126] C1_2_1 (200) th3/s2: obj=10766.42 tour=52 shakes=280
[saved 49/126] C1_2_1 (200) th6/s0: obj=10599.33 tour=49 shakes=349
[saved 50/126] C1_2_1 (200) th6/s1: obj=10697.42 tour=48 shakes=389
[saved 51/126] C1_2_1 (200) th12/s0: obj=10971.32 tour=49 shakes=454
[saved 52/126] C1_2_1 (200) th12/s1: obj=10883.13 tour=47 shakes=533
[saved 53/126] C1_2_1 (200) th12/s2: obj=10868.07 tour=50 shakes=467
[saved 54/126] C1_2_1 (200) th6/s2: obj=10857.48 tour=49 shakes=401
[saved 55/126] RC1_2_1 (200) th3/s0: obj=17502.54 tour=39 shakes=447
[saved 56/126] RC1_2_1 (200) th3/s1: obj=17743.96 tour=38 shakes=514
[saved 57/126] RC1_2_1 (200) th6/s1: obj=17735.66 tour=38 shakes=618
[saved 58/126] RC1_2_1 (200) th3/s2: obj=17338.21 tour=39 shakes=518
[saved 59/126] RC1_2_1 (200) th6/s2: obj=17687.04 tour=38 shakes=679
[saved 60/126] RC1_2_1 (200) th6/s0: obj=17645.76 tour=38 shakes=561
[saved 61/126] RC1_2_1 (200) th12/s0: obj=17709.36 tour=39 shakes=899
[saved 62/126] RC1_2_1 (200) th12/s1: obj=17563.94 tour=39 shakes=595
[saved 63/126] RC1_2_1 (200) th12/s2: obj=17416.88 tour=41 shakes=771
[saved 64/126] R102 (100) th3/s0: obj=30419.39 tour=27 shakes=1041
[saved 65/126] R102 (100) th3/s1: obj=30324.41 tour=26 shakes=1062
[saved 66/126] R102 (100) th3/s2: obj=30398.76 tour=27 shakes=1037
[saved 67/126] R102 (100) th6/s0: obj=30592.27 tour=27 shakes=1252
[saved 68/126] R102 (100) th6/s1: obj=30568.60 tour=28 shakes=1370
[saved 69/126] R102 (100) th6/s2: obj=30478.97 tour=30 shakes=1384
[saved 70/126] R102 (100) th12/s0: obj=30443.78 tour=27 shakes=1697
[saved 71/126] R102 (100) th12/s1: obj=30493.40 tour=29 shakes=1679
[saved 72/126] R102 (100) th12/s2: obj=30450.06 tour=28 shakes=1831
[saved 73/126] R104 (100) th3/s0: obj=37732.31 tour=33 shakes=735
[saved 74/126] R104 (100) th3/s1: obj=37832.35 tour=35 shakes=834
[saved 75/126] R104 (100) th3/s2: obj=37554.62 tour=39 shakes=797
[saved 76/126] R104 (100) th6/s0: obj=37802.10 tour=36 shakes=1293
[saved 77/126] R104 (100) th6/s2: obj=37815.31 tour=38 shakes=1103
[saved 78/126] R104 (100) th6/s1: obj=37196.19 tour=38 shakes=1271
[saved 79/126] R104 (100) th12/s0: obj=37729.30 tour=37 shakes=1883
[saved 80/126] R104 (100) th12/s1: obj=37729.30 tour=37 shakes=1851
[saved 81/126] R104 (100) th12/s2: obj=37377.77 tour=39 shakes=1814
[saved 82/126] C104 (100) th3/s0: obj=17431.23 tour=93 shakes=73
[saved 83/126] C104 (100) th3/s2: obj=17923.57 tour=92 shakes=68
[saved 84/126] C104 (100) th3/s1: obj=16931.52 tour=94 shakes=48
[saved 85/126] C104 (100) th6/s0: obj=16956.33 tour=93 shakes=74
[saved 86/126] C104 (100) th6/s1: obj=17372.27 tour=94 shakes=69
[saved 87/126] C104 (100) th6/s2: obj=17923.57 tour=92 shakes=82
[saved 88/126] C104 (100) th12/s0: obj=16956.33 tour=93 shakes=101
[saved 89/126] C104 (100) th12/s1: obj=17384.96 tour=92 shakes=79
[saved 90/126] C104 (100) th12/s2: obj=17923.57 tour=92 shakes=118
[saved 91/126] RC104 (100) th3/s0: obj=36242.62 tour=31 shakes=1258
[saved 92/126] RC104 (100) th3/s1: obj=36242.62 tour=31 shakes=1293
[saved 93/126] RC104 (100) th3/s2: obj=36242.62 tour=31 shakes=1298
[saved 94/126] RC104 (100) th6/s1: obj=36242.62 tour=31 shakes=1918
[saved 95/126] RC104 (100) th6/s0: obj=36242.62 tour=31 shakes=1835
[saved 96/126] RC104 (100) th6/s2: obj=36242.62 tour=31 shakes=2017
[saved 97/126] RC104 (100) th12/s0: obj=35823.25 tour=31 shakes=2352
[saved 98/126] RC104 (100) th12/s1: obj=32882.74 tour=32 shakes=2264
[saved 99/126] RC104 (100) th12/s2: obj=35823.25 tour=31 shakes=2415
[saved 100/126] PR11 (48) th3/s0: obj=6518.85 tour=33 shakes=1020
[saved 101/126] PR11 (48) th3/s1: obj=6448.37 tour=34 shakes=1062
[saved 102/126] PR11 (48) th3/s2: obj=6657.85 tour=34 shakes=1061
[saved 103/126] PR11 (48) th6/s0: obj=6444.41 tour=34 shakes=1483
[saved 104/126] PR11 (48) th6/s1: obj=6570.30 tour=34 shakes=1460
[saved 105/126] PR11 (48) th6/s2: obj=6475.29 tour=34 shakes=1466
[saved 106/126] PR11 (48) th12/s1: obj=6425.65 tour=35 shakes=2150
[saved 107/126] PR11 (48) th12/s2: obj=6592.26 tour=34 shakes=2037
[saved 108/126] PR11 (48) th12/s0: obj=6434.70 tour=35 shakes=2094
[saved 109/126] PR15 (240) th3/s0: obj=18395.99 tour=100 shakes=184
[saved 110/126] PR15 (240) th3/s1: obj=17462.16 tour=105 shakes=196
[saved 111/126] PR15 (240) th3/s2: obj=18834.14 tour=110 shakes=202
[saved 112/126] PR15 (240) th6/s2: obj=17716.28 tour=104 shakes=226
[saved 113/126] PR15 (240) th6/s0: obj=19266.23 tour=115 shakes=208
[saved 114/126] PR15 (240) th6/s1: obj=18377.73 tour=105 shakes=216
[saved 115/126] PR15 (240) th12/s0: obj=17630.96 tour=108 shakes=271
[saved 116/126] PR15 (240) th12/s1: obj=17324.89 tour=105 shakes=323
[saved 117/126] PR15 (240) th12/s2: obj=18755.51 tour=112 shakes=321
[saved 118/126] PR10 (288) th3/s0: obj=16062.59 tour=80 shakes=293
[saved 119/126] PR10 (288) th3/s1: obj=15366.64 tour=75 shakes=267
[saved 120/126] PR10 (288) th3/s2: obj=15442.96 tour=70 shakes=267
[saved 121/126] PR10 (288) th6/s0: obj=16426.08 tour=77 shakes=383
[saved 122/126] PR10 (288) th6/s1: obj=16050.76 tour=73 shakes=390
[saved 123/126] PR10 (288) th6/s2: obj=16157.67 tour=77 shakes=354
[saved 124/126] PR10 (288) th12/s0: obj=15238.53 tour=74 shakes=604
[saved 125/126] PR10 (288) th12/s1: obj=16245.48 tour=78 shakes=565
[saved 126/126] PR10 (288) th12/s2: obj=16003.82 tour=77 shakes=541

==============================================================
DONE -> /Users/kirtisoglu/GitHub/UAV-Routing/paper_runs/results/capdiv.csv
