[plan] 84 runs, 6 at a time, 600s each, theta=1000
[saved 1/84] R101 (50) R3/3: obj=11921.13 tour=10
[saved 2/84] R101 (50) R3/1: obj=11921.13 tour=10
[saved 3/84] R101 (50) R2/1: obj=11921.13 tour=10
[saved 4/84] R101 (50) R3/2: obj=11921.13 tour=10
[saved 5/84] R101 (50) R1: obj=11921.13 tour=10
[saved 6/84] R101 (50) R4: obj=11921.13 tour=10
[saved 7/84] R101 (100) R4: obj=22884.32 tour=16
[saved 8/84] R101 (100) R3/3: obj=22884.32 tour=16
[saved 9/84] R101 (100) R3/1: obj=22884.32 tour=16
[saved 10/84] R101 (100) R2/1: obj=22884.32 tour=16
[saved 11/84] R101 (100) R1: obj=22884.32 tour=16
[saved 12/84] R101 (100) R3/2: obj=22884.32 tour=16
[saved 13/84] R1_2_1 (200) R2/1: obj=16949.90 tour=32
[saved 14/84] R1_2_1 (200) R3/1: obj=16949.90 tour=32
[saved 15/84] R1_2_1 (200) R3/2: obj=16949.90 tour=32
[saved 16/84] R1_2_1 (200) R1: obj=16949.90 tour=32
[saved 17/84] R1_2_1 (200) R3/3: obj=16477.68 tour=33
[saved 18/84] R1_2_1 (200) R4: obj=16949.90 tour=32
[saved 19/84] C101 (50) R1: obj=8591.92 tour=42
[saved 20/84] C101 (50) R2/1: obj=8591.92 tour=42
[saved 21/84] C101 (50) R3/1: obj=8591.92 tour=42
[saved 22/84] C101 (50) R3/3: obj=8591.92 tour=42
[saved 23/84] C101 (50) R4: obj=8591.92 tour=42
[saved 24/84] C101 (50) R3/2: obj=8583.17 tour=42
[saved 25/84] C101 (100) R1: obj=11149.65 tour=47
[saved 26/84] C101 (100) R3/1: obj=11187.61 tour=48
[saved 27/84] C101 (100) R2/1: obj=11268.65 tour=49
[saved 28/84] C101 (100) R4: obj=11228.18 tour=47
[saved 29/84] C101 (100) R3/2: obj=11205.63 tour=47
[saved 30/84] C101 (100) R3/3: obj=11163.43 tour=47
[saved 31/84] C1_2_1 (200) R1: obj=10800.52 tour=46
[saved 32/84] C1_2_1 (200) R2/1: obj=11031.67 tour=51
[saved 33/84] C1_2_1 (200) R4: obj=10785.97 tour=53
[saved 34/84] C1_2_1 (200) R3/3: obj=11070.09 tour=53
[saved 35/84] C1_2_1 (200) R3/2: obj=10982.39 tour=51
[saved 36/84] C1_2_1 (200) R3/1: obj=11009.50 tour=52
[saved 37/84] RC1_2_1 (200) R1: obj=17117.16 tour=41
[saved 38/84] RC1_2_1 (200) R2/1: obj=17306.27 tour=39
[saved 39/84] RC1_2_1 (200) R3/1: obj=17527.36 tour=39
[saved 40/84] RC1_2_1 (200) R3/2: obj=17029.18 tour=39
[saved 41/84] RC1_2_1 (200) R3/3: obj=17025.43 tour=40
[saved 42/84] RC1_2_1 (200) R4: obj=17789.96 tour=39
[saved 43/84] R102 (100) R1: obj=28636.62 tour=26
[saved 44/84] R102 (100) R2/1: obj=30664.99 tour=28
[saved 45/84] R102 (100) R3/2: obj=30881.69 tour=29
[saved 46/84] R102 (100) R3/1: obj=27865.69 tour=27
[saved 47/84] R102 (100) R3/3: obj=27950.06 tour=29
[saved 48/84] R102 (100) R4: obj=30052.64 tour=27
[saved 49/84] R104 (100) R1: obj=34198.34 tour=40
[saved 50/84] R104 (100) R2/1: obj=36254.11 tour=38
[saved 51/84] R104 (100) R3/2: obj=36805.55 tour=37
[saved 52/84] R104 (100) R4: obj=36750.79 tour=37
[saved 53/84] R104 (100) R3/3: obj=37037.15 tour=35
[saved 54/84] R104 (100) R3/1: obj=36660.38 tour=36
[saved 55/84] C104 (100) R1: obj=18122.04 tour=90
[saved 56/84] C104 (100) R2/1: obj=17864.38 tour=93
[saved 57/84] C104 (100) R3/3: obj=17373.68 tour=92
[saved 58/84] C104 (100) R3/2: obj=17565.67 tour=91
[saved 59/84] C104 (100) R4: obj=17198.81 tour=93
[saved 60/84] C104 (100) R3/1: obj=17933.72 tour=92
[saved 61/84] RC104 (100) R1: obj=34234.38 tour=34
[saved 62/84] RC104 (100) R2/1: obj=31781.47 tour=32
[saved 63/84] RC104 (100) R3/1: obj=31504.32 tour=33
[saved 64/84] RC104 (100) R3/3: obj=31717.27 tour=34
[saved 65/84] RC104 (100) R3/2: obj=32809.76 tour=29
[saved 66/84] RC104 (100) R4: obj=35783.20 tour=32
[saved 67/84] PR11 (48) R1: obj=6402.74 tour=34
[saved 68/84] PR11 (48) R2/1: obj=6384.54 tour=33
[saved 69/84] PR11 (48) R3/1: obj=6220.26 tour=33
[saved 70/84] PR11 (48) R4: obj=6260.09 tour=32
[saved 71/84] PR11 (48) R3/2: obj=6470.92 tour=34
[saved 72/84] PR11 (48) R3/3: obj=6176.42 tour=34
[saved 73/84] PR15 (240) R1: obj=16973.23 tour=107
[saved 74/84] PR15 (240) R2/1: obj=16135.75 tour=104
[saved 75/84] PR15 (240) R3/1: obj=18028.05 tour=109
[saved 76/84] PR15 (240) R3/3: obj=18797.39 tour=117
[saved 77/84] PR15 (240) R3/2: obj=17418.49 tour=101
[saved 78/84] PR15 (240) R4: obj=18576.32 tour=114
[saved 79/84] PR10 (288) R1: obj=14658.64 tour=73
[saved 80/84] PR10 (288) R2/1: obj=14713.99 tour=76
[saved 81/84] PR10 (288) R3/1: obj=15432.11 tour=79
[saved 82/84] PR10 (288) R3/3: obj=14744.52 tour=74
[saved 83/84] PR10 (288) R4: obj=15624.98 tour=81
[saved 84/84] PR10 (288) R3/2: obj=15220.18 tour=75

==============================================================
DONE -> /Users/kirtisoglu/GitHub/UAV-Routing/paper_runs/results/initial_tours.csv
