[plan] 126 runs, 6 at a time, 600s each
[saved 1/126] R101 (50) th6/s2: obj=11921.13 tour=10 shakes=4541
[saved 2/126] R101 (50) th3/s0: obj=11921.13 tour=10 shakes=4278
[saved 3/126] R101 (50) th6/s0: obj=11921.13 tour=10 shakes=4555
[saved 4/126] R101 (50) th6/s1: obj=11921.13 tour=10 shakes=4601
[saved 5/126] R101 (50) th3/s2: obj=11921.13 tour=10 shakes=4303
[saved 6/126] R101 (50) th3/s1: obj=11921.13 tour=10 shakes=4299
[saved 7/126] R101 (50) th12/s0: obj=11921.13 tour=10 shakes=4523
[saved 8/126] R101 (50) th12/s1: obj=11921.13 tour=10 shakes=4572
[saved 9/126] R101 (100) th3/s1: obj=22884.32 tour=16 shakes=868
[saved 10/126] R101 (100) th3/s0: obj=22884.32 tour=16 shakes=886
[saved 11/126] R101 (100) th3/s2: obj=22884.32 tour=16 shakes=864
[saved 12/126] R101 (50) th12/s2: obj=11921.13 tour=10 shakes=4514
[saved 13/126] R101 (100) th6/s0: obj=22884.32 tour=16 shakes=1001
[saved 14/126] R101 (100) th12/s1: obj=22884.32 tour=16 shakes=1065
[saved 15/126] R101 (100) th6/s1: obj=22884.32 tour=16 shakes=991
[saved 16/126] R101 (100) th6/s2: obj=22884.32 tour=16 shakes=991
[saved 17/126] R101 (100) th12/s2: obj=22884.32 tour=16 shakes=1078
[saved 18/126] R101 (100) th12/s0: obj=22884.32 tour=16 shakes=1072
[saved 19/126] R1_2_1 (200) th3/s0: obj=16949.90 tour=32 shakes=381
[saved 20/126] R1_2_1 (200) th3/s1: obj=16758.50 tour=34 shakes=381
[saved 21/126] R1_2_1 (200) th3/s2: obj=16949.90 tour=32 shakes=362
[saved 22/126] R1_2_1 (200) th6/s1: obj=16949.90 tour=32 shakes=403
[saved 23/126] R1_2_1 (200) th6/s0: obj=16949.90 tour=32 shakes=439
[saved 24/126] R1_2_1 (200) th6/s2: obj=16949.90 tour=32 shakes=427
[saved 25/126] R1_2_1 (200) th12/s0: obj=16949.90 tour=32 shakes=426
[saved 26/126] R1_2_1 (200) th12/s1: obj=16581.86 tour=31 shakes=480
[saved 27/126] R1_2_1 (200) th12/s2: obj=16949.90 tour=32 shakes=451
[saved 28/126] C101 (50) th3/s2: obj=8591.92 tour=42 shakes=125
[saved 29/126] C101 (50) th3/s1: obj=8591.92 tour=42 shakes=123
[saved 30/126] C101 (50) th3/s0: obj=8591.92 tour=42 shakes=126
[saved 31/126] C101 (50) th6/s0: obj=8591.92 tour=42 shakes=139
[saved 32/126] C101 (50) th6/s1: obj=8582.03 tour=42 shakes=139
[saved 33/126] C101 (50) th12/s1: obj=8591.92 tour=42 shakes=170
[saved 34/126] C101 (50) th6/s2: obj=8591.92 tour=42 shakes=131
[saved 35/126] C101 (50) th12/s2: obj=8582.03 tour=42 shakes=151
[saved 36/126] C101 (50) th12/s0: obj=8591.92 tour=42 shakes=151
[saved 37/126] C101 (100) th3/s0: obj=11287.66 tour=47 shakes=123
[saved 38/126] C101 (100) th3/s1: obj=11243.01 tour=47 shakes=126
[saved 39/126] C101 (100) th6/s0: obj=11228.18 tour=47 shakes=142
[saved 40/126] C101 (100) th6/s1: obj=11198.50 tour=48 shakes=155
[saved 41/126] C101 (100) th3/s2: obj=11180.70 tour=49 shakes=134
[saved 42/126] C101 (100) th6/s2: obj=10922.63 tour=45 shakes=141
[saved 43/126] C101 (100) th12/s0: obj=11161.79 tour=47 shakes=179
[saved 44/126] C101 (100) th12/s1: obj=11118.46 tour=48 shakes=172
[saved 45/126] C1_2_1 (200) th3/s0: obj=10935.99 tour=52 shakes=105
[saved 46/126] C1_2_1 (200) th3/s1: obj=10858.58 tour=49 shakes=107
[saved 47/126] C1_2_1 (200) th3/s2: obj=10623.42 tour=53 shakes=107
[saved 48/126] C101 (100) th12/s2: obj=11227.43 tour=48 shakes=170
[saved 49/126] C1_2_1 (200) th6/s0: obj=10785.97 tour=53 shakes=130
[saved 50/126] C1_2_1 (200) th6/s1: obj=10801.18 tour=51 shakes=126
[saved 51/126] C1_2_1 (200) th6/s2: obj=10952.67 tour=53 shakes=136
[saved 52/126] C1_2_1 (200) th12/s2: obj=10394.68 tour=48 shakes=126
[saved 53/126] C1_2_1 (200) th12/s1: obj=10999.03 tour=50 shakes=131
[saved 54/126] C1_2_1 (200) th12/s0: obj=10626.90 tour=49 shakes=158
[saved 55/126] RC1_2_1 (200) th3/s0: obj=17494.43 tour=40 shakes=142
[saved 56/126] RC1_2_1 (200) th3/s1: obj=17454.55 tour=36 shakes=122
[saved 57/126] RC1_2_1 (200) th3/s2: obj=17075.41 tour=40 shakes=152
[saved 58/126] RC1_2_1 (200) th6/s2: obj=17409.26 tour=40 shakes=168
[saved 59/126] RC1_2_1 (200) th6/s1: obj=17743.06 tour=40 shakes=168
[saved 60/126] RC1_2_1 (200) th6/s0: obj=17789.96 tour=39 shakes=171
[saved 61/126] RC1_2_1 (200) th12/s0: obj=17496.56 tour=39 shakes=167
[saved 62/126] RC1_2_1 (200) th12/s1: obj=17306.27 tour=39 shakes=144
[saved 63/126] RC1_2_1 (200) th12/s2: obj=17291.87 tour=40 shakes=215
[saved 64/126] R102 (100) th3/s2: obj=30443.78 tour=27 shakes=292
[saved 65/126] R102 (100) th3/s1: obj=30275.59 tour=27 shakes=305
[saved 66/126] R102 (100) th3/s0: obj=30260.24 tour=26 shakes=300
[saved 67/126] R102 (100) th6/s0: obj=30052.64 tour=27 shakes=348
[saved 68/126] R102 (100) th6/s1: obj=30615.56 tour=28 shakes=387
[saved 69/126] R102 (100) th6/s2: obj=30176.85 tour=27 shakes=324
[saved 70/126] R102 (100) th12/s2: obj=30329.43 tour=27 shakes=420
[saved 71/126] R102 (100) th12/s1: obj=30104.55 tour=27 shakes=367
[saved 72/126] R102 (100) th12/s0: obj=30443.78 tour=27 shakes=354
[saved 73/126] R104 (100) th3/s0: obj=37012.69 tour=40 shakes=279
[saved 74/126] R104 (100) th3/s1: obj=36138.02 tour=36 shakes=290
[saved 75/126] R104 (100) th3/s2: obj=36109.22 tour=35 shakes=232
[saved 76/126] R104 (100) th6/s0: obj=36750.79 tour=37 shakes=345
[saved 77/126] R104 (100) th6/s2: obj=37226.30 tour=37 shakes=398
[saved 78/126] R104 (100) th6/s1: obj=35567.04 tour=36 shakes=309
[saved 79/126] R104 (100) th12/s0: obj=36418.62 tour=37 shakes=411
[saved 80/126] R104 (100) th12/s1: obj=36326.15 tour=40 shakes=406
[saved 81/126] R104 (100) th12/s2: obj=36109.22 tour=35 shakes=307
[saved 82/126] C104 (100) th3/s2: obj=18045.57 tour=92 shakes=4
[saved 83/126] C104 (100) th3/s1: obj=17756.75 tour=91 shakes=2
[saved 84/126] C104 (100) th3/s0: obj=17198.81 tour=93 shakes=5
[saved 85/126] C104 (100) th6/s0: obj=17198.81 tour=93 shakes=5
[saved 86/126] C104 (100) th6/s1: obj=17756.75 tour=91 shakes=2
[saved 87/126] C104 (100) th6/s2: obj=18045.57 tour=92 shakes=4
[saved 88/126] C104 (100) th12/s2: obj=18045.57 tour=92 shakes=4
[saved 89/126] C104 (100) th12/s1: obj=17756.75 tour=91 shakes=2
[saved 90/126] C104 (100) th12/s0: obj=17198.81 tour=93 shakes=5
[saved 91/126] RC104 (100) th3/s0: obj=35895.09 tour=30 shakes=410
[saved 92/126] RC104 (100) th3/s1: obj=32815.65 tour=31 shakes=293
[saved 93/126] RC104 (100) th3/s2: obj=34586.90 tour=31 shakes=393
[saved 94/126] RC104 (100) th6/s0: obj=35783.20 tour=32 shakes=478
[saved 95/126] RC104 (100) th6/s2: obj=35719.32 tour=32 shakes=507
[saved 96/126] RC104 (100) th6/s1: obj=32815.65 tour=31 shakes=483
[saved 97/126] RC104 (100) th12/s0: obj=35719.32 tour=32 shakes=511
[saved 98/126] RC104 (100) th12/s1: obj=34066.11 tour=31 shakes=578
[saved 99/126] RC104 (100) th12/s2: obj=35719.32 tour=32 shakes=480
[saved 100/126] PR11 (48) th3/s0: obj=6317.22 tour=33 shakes=411
[saved 101/126] PR11 (48) th3/s1: obj=6336.51 tour=33 shakes=391
[saved 102/126] PR11 (48) th3/s2: obj=6298.28 tour=34 shakes=425
[saved 103/126] PR11 (48) th6/s0: obj=6260.09 tour=32 shakes=482
[saved 104/126] PR11 (48) th6/s1: obj=6472.26 tour=36 shakes=448
[saved 105/126] PR11 (48) th6/s2: obj=6407.86 tour=34 shakes=495
[saved 106/126] PR11 (48) th12/s0: obj=6179.94 tour=34 shakes=665
[saved 107/126] PR11 (48) th12/s2: obj=6320.33 tour=35 shakes=614
[saved 108/126] PR11 (48) th12/s1: obj=6448.86 tour=35 shakes=546
[saved 109/126] PR15 (240) th3/s0: obj=16881.51 tour=102 shakes=38
[saved 110/126] PR15 (240) th3/s1: obj=16891.19 tour=104 shakes=57
[saved 111/126] PR15 (240) th3/s2: obj=17494.70 tour=107 shakes=52
[saved 112/126] PR15 (240) th6/s1: obj=16891.19 tour=104 shakes=64
[saved 113/126] PR15 (240) th6/s0: obj=18576.32 tour=114 shakes=64
[saved 114/126] PR15 (240) th6/s2: obj=17494.70 tour=107 shakes=52
[saved 115/126] PR15 (240) th12/s0: obj=16881.51 tour=102 shakes=73
[saved 116/126] PR15 (240) th12/s1: obj=16890.82 tour=100 shakes=85
[saved 117/126] PR15 (240) th12/s2: obj=17494.70 tour=107 shakes=53
[saved 118/126] PR10 (288) th3/s1: obj=15506.29 tour=79 shakes=115
[saved 119/126] PR10 (288) th3/s0: obj=15807.28 tour=78 shakes=116
[saved 120/126] PR10 (288) th3/s2: obj=16545.89 tour=76 shakes=112
[saved 121/126] PR10 (288) th6/s0: obj=15624.98 tour=81 shakes=105
[saved 122/126] PR10 (288) th6/s1: obj=14991.40 tour=80 shakes=124
[saved 123/126] PR10 (288) th6/s2: obj=14905.86 tour=78 shakes=137
[saved 124/126] PR10 (288) th12/s0: obj=15390.74 tour=77 shakes=120
[saved 125/126] PR10 (288) th12/s1: obj=13919.66 tour=78 shakes=173
[saved 126/126] PR10 (288) th12/s2: obj=15743.96 tour=80 shakes=162

==============================================================
DONE -> /Users/kirtisoglu/GitHub/UAV-Routing/paper_runs/results/capdiv.csv
