[resume] 126 runs on disk
[plan] 72 runs, 6 at a time, 600s each, fixed speed
[saved 1/72] R101 (50) d6/s5: obj=10540.63 tour=9
[saved 2/72] R101 (50) d6/s3: obj=10540.63 tour=9
[saved 3/72] R101 (50) d6/s4: obj=10540.63 tour=9
[saved 4/72] R101 (50) d3/s5: obj=10540.63 tour=9
[saved 5/72] R101 (50) d3/s3: obj=10540.63 tour=9
[saved 6/72] R101 (50) d3/s4: obj=10540.63 tour=9
[saved 7/72] R101 (50) d12/s4: obj=10540.63 tour=9
[saved 8/72] R101 (50) d12/s5: obj=10540.63 tour=9
[saved 9/72] R101 (100) d3/s3: obj=19545.23 tour=15
[saved 10/72] R101 (100) d3/s5: obj=19545.23 tour=15
[saved 11/72] R101 (50) d12/s3: obj=10540.63 tour=9
[saved 12/72] R101 (100) d3/s4: obj=19545.23 tour=15
[saved 13/72] R101 (100) d6/s3: obj=19545.23 tour=15
[saved 14/72] R101 (100) d6/s4: obj=19545.23 tour=15
[saved 15/72] R101 (100) d6/s5: obj=19545.23 tour=15
[saved 16/72] R101 (100) d12/s3: obj=19545.23 tour=15
[saved 17/72] R101 (100) d12/s4: obj=19545.23 tour=15
[saved 18/72] R101 (100) d12/s5: obj=19545.23 tour=15
[saved 19/72] R1_2_1 (200) d3/s3: obj=14174.61 tour=27
[saved 20/72] R1_2_1 (200) d3/s4: obj=14174.61 tour=27
[saved 21/72] R1_2_1 (200) d6/s5: obj=14174.61 tour=27
[saved 22/72] R1_2_1 (200) d6/s3: obj=14174.61 tour=27
[saved 23/72] R1_2_1 (200) d3/s5: obj=14174.61 tour=27
[saved 24/72] R1_2_1 (200) d6/s4: obj=14174.61 tour=27
[saved 25/72] R1_2_1 (200) d12/s3: obj=14174.61 tour=27
[saved 26/72] R1_2_1 (200) d12/s5: obj=14174.61 tour=27
[saved 27/72] R1_2_1 (200) d12/s4: obj=14174.61 tour=27
[saved 28/72] C101 (50) d3/s4: obj=7510.49 tour=36
[saved 29/72] C101 (50) d3/s3: obj=7510.49 tour=36
[saved 30/72] C101 (50) d3/s5: obj=7510.49 tour=36
[saved 31/72] C101 (50) d6/s3: obj=7479.84 tour=36
[saved 32/72] C101 (50) d6/s4: obj=7527.12 tour=36
[saved 33/72] C101 (50) d6/s5: obj=7510.49 tour=36
[saved 34/72] C101 (50) d12/s3: obj=7527.12 tour=36
[saved 35/72] C101 (50) d12/s4: obj=7510.49 tour=36
[saved 36/72] C101 (50) d12/s5: obj=7510.49 tour=36
[saved 37/72] RC1_2_1 (200) d3/s3: obj=15625.32 tour=35
[saved 38/72] RC1_2_1 (200) d3/s4: obj=15758.32 tour=35
[saved 39/72] RC1_2_1 (200) d3/s5: obj=15332.59 tour=37
[saved 40/72] RC1_2_1 (200) d6/s3: obj=15485.99 tour=31
[saved 41/72] RC1_2_1 (200) d6/s4: obj=15528.15 tour=36
[saved 42/72] RC1_2_1 (200) d6/s5: obj=15392.02 tour=36
[saved 43/72] RC1_2_1 (200) d12/s3: obj=15602.60 tour=37
[saved 44/72] C104 (100) d3/s5: obj=16690.61 tour=92
[saved 45/72] RC1_2_1 (200) d12/s5: obj=15527.59 tour=36
[saved 46/72] RC1_2_1 (200) d12/s4: obj=15506.57 tour=37
[saved 47/72] C104 (100) d3/s3: obj=17078.16 tour=92
[saved 48/72] C104 (100) d3/s4: obj=17358.19 tour=92
[saved 49/72] C104 (100) d6/s3: obj=16597.70 tour=91
[saved 50/72] C104 (100) d6/s4: obj=16762.66 tour=89
[saved 51/72] C104 (100) d12/s5: obj=16288.89 tour=92
[saved 52/72] C104 (100) d6/s5: obj=16112.50 tour=90
[saved 53/72] C104 (100) d12/s3: obj=16419.77 tour=90
[saved 54/72] C104 (100) d12/s4: obj=16909.36 tour=90
[saved 55/72] RC104 (100) d6/s3: obj=33549.88 tour=28
[saved 56/72] RC104 (100) d3/s4: obj=34394.40 tour=29
[saved 57/72] RC104 (100) d3/s3: obj=34419.83 tour=30
[saved 58/72] RC104 (100) d3/s5: obj=34351.33 tour=29
[saved 59/72] RC104 (100) d6/s5: obj=34351.33 tour=29
[saved 60/72] RC104 (100) d6/s4: obj=33082.31 tour=28
[saved 61/72] RC104 (100) d12/s4: obj=34003.11 tour=30
[saved 62/72] PR11 (48) d3/s3: obj=5415.58 tour=27
[saved 63/72] RC104 (100) d12/s3: obj=34170.52 tour=29
[saved 64/72] RC104 (100) d12/s5: obj=33322.27 tour=28
[saved 65/72] PR11 (48) d3/s4: obj=5398.60 tour=26
[saved 66/72] PR11 (48) d3/s5: obj=5388.89 tour=27
[saved 67/72] PR11 (48) d6/s3: obj=5418.60 tour=27
[saved 68/72] PR11 (48) d6/s4: obj=5418.60 tour=27
[saved 69/72] PR11 (48) d6/s5: obj=5401.53 tour=26
[saved 70/72] PR11 (48) d12/s3: obj=5415.58 tour=27
[saved 71/72] PR11 (48) d12/s4: obj=5398.60 tour=26
[saved 72/72] PR11 (48) d12/s5: obj=5427.62 tour=28

==============================================================
DONE -> /Users/kirtisoglu/GitHub/UAV-Routing/paper_runs/results/capdiv_fixed.csv
