[plan] 84 runs, 6 at a time, 600s each, theta=1000000000000
[saved 1/84] R101 (50) R3/1: obj=11921.13 tour=10
[saved 2/84] R101 (50) R3/2: obj=11921.13 tour=10
[saved 3/84] R101 (50) R3/3: obj=11921.13 tour=10
[saved 4/84] R101 (50) R4: obj=11921.13 tour=10
[saved 5/84] R101 (50) R1: obj=11921.13 tour=10
[saved 6/84] R101 (50) R2/1: obj=11921.13 tour=10
[saved 7/84] R101 (100) R1: obj=22884.32 tour=16
[saved 8/84] R101 (100) R3/1: obj=22884.32 tour=16
[saved 9/84] R101 (100) R2/1: obj=22884.32 tour=16
[saved 10/84] R101 (100) R4: obj=22884.32 tour=16
[saved 11/84] R101 (100) R3/3: obj=22884.32 tour=16
[saved 12/84] R101 (100) R3/2: obj=22884.32 tour=16
[saved 13/84] R1_2_1 (200) R1: obj=16745.42 tour=32
[saved 14/84] R1_2_1 (200) R3/3: obj=16949.90 tour=32
[saved 15/84] R1_2_1 (200) R4: obj=16643.46 tour=31
[saved 16/84] R1_2_1 (200) R3/2: obj=16949.90 tour=32
[saved 17/84] R1_2_1 (200) R2/1: obj=16949.90 tour=32
[saved 18/84] R1_2_1 (200) R3/1: obj=16416.14 tour=32
[saved 19/84] C101 (50) R1: obj=8591.92 tour=42
[saved 20/84] C101 (50) R2/1: obj=8543.52 tour=41
[saved 21/84] C101 (50) R3/2: obj=8575.65 tour=42
[saved 22/84] C101 (50) R3/1: obj=8543.52 tour=41
[saved 23/84] C101 (50) R3/3: obj=8591.92 tour=42
[saved 24/84] C101 (50) R4: obj=8591.92 tour=42
[saved 25/84] C101 (100) R1: obj=11130.07 tour=47
[saved 26/84] C101 (100) R3/2: obj=11188.98 tour=47
[saved 27/84] C101 (100) R3/1: obj=11132.26 tour=45
[saved 28/84] C101 (100) R3/3: obj=11177.42 tour=46
[saved 29/84] C101 (100) R4: obj=11209.37 tour=48
[saved 30/84] C101 (100) R2/1: obj=11162.34 tour=45
[saved 31/84] C1_2_1 (200) R1: obj=10915.73 tour=47
[saved 32/84] C1_2_1 (200) R2/1: obj=10969.26 tour=50
[saved 33/84] C1_2_1 (200) R3/1: obj=10778.80 tour=52
[saved 34/84] C1_2_1 (200) R3/2: obj=10734.55 tour=48
[saved 35/84] C1_2_1 (200) R4: obj=10599.33 tour=49
[saved 36/84] C1_2_1 (200) R3/3: obj=10830.77 tour=50
[saved 37/84] RC1_2_1 (200) R1: obj=17402.09 tour=37
[saved 38/84] RC1_2_1 (200) R2/1: obj=17355.95 tour=39
[saved 39/84] RC1_2_1 (200) R3/2: obj=17722.12 tour=38
[saved 40/84] RC1_2_1 (200) R3/3: obj=16349.24 tour=41
[saved 41/84] RC1_2_1 (200) R3/1: obj=17503.34 tour=39
[saved 42/84] RC1_2_1 (200) R4: obj=17645.76 tour=38
[saved 43/84] R102 (100) R1: obj=30423.21 tour=27
[saved 44/84] R102 (100) R2/1: obj=30460.60 tour=27
[saved 45/84] R102 (100) R3/3: obj=30387.26 tour=28
[saved 46/84] R102 (100) R3/2: obj=30423.42 tour=27
[saved 47/84] R102 (100) R4: obj=30592.27 tour=27
[saved 48/84] R102 (100) R3/1: obj=30680.07 tour=28
[saved 49/84] R104 (100) R1: obj=37405.20 tour=38
[saved 50/84] R104 (100) R2/1: obj=37747.75 tour=40
[saved 51/84] R104 (100) R3/1: obj=37729.30 tour=37
[saved 52/84] R104 (100) R4: obj=37802.10 tour=36
[saved 53/84] R104 (100) R3/2: obj=37681.39 tour=39
[saved 54/84] R104 (100) R3/3: obj=37729.30 tour=37
[saved 55/84] C104 (100) R1: obj=17947.39 tour=93
[saved 56/84] C104 (100) R2/1: obj=17685.66 tour=93
[saved 57/84] C104 (100) R3/1: obj=17912.17 tour=94
[saved 58/84] C104 (100) R4: obj=16956.33 tour=93
[saved 59/84] C104 (100) R3/2: obj=17717.28 tour=91
[saved 60/84] C104 (100) R3/3: obj=18045.29 tour=92
[saved 61/84] RC104 (100) R1: obj=36242.62 tour=31
[saved 62/84] RC104 (100) R2/1: obj=36126.98 tour=30
[saved 63/84] RC104 (100) R3/1: obj=35823.25 tour=31
[saved 64/84] RC104 (100) R3/2: obj=36242.62 tour=31
[saved 65/84] RC104 (100) R3/3: obj=34234.38 tour=34
[saved 66/84] RC104 (100) R4: obj=36242.62 tour=31
[saved 67/84] PR11 (48) R1: obj=6463.62 tour=34
[saved 68/84] PR11 (48) R2/1: obj=6594.06 tour=34
[saved 69/84] PR11 (48) R3/1: obj=6516.16 tour=34
[saved 70/84] PR11 (48) R4: obj=6444.41 tour=34
[saved 71/84] PR11 (48) R3/3: obj=6468.90 tour=34
[saved 72/84] PR11 (48) R3/2: obj=6589.95 tour=34
[saved 73/84] PR15 (240) R1: obj=18748.21 tour=107
[saved 74/84] PR15 (240) R2/1: obj=17962.24 tour=102
[saved 75/84] PR15 (240) R3/1: obj=17707.72 tour=106
[saved 76/84] PR15 (240) R3/2: obj=18141.31 tour=108
[saved 77/84] PR15 (240) R3/3: obj=18489.22 tour=102
[saved 78/84] PR15 (240) R4: obj=19266.23 tour=115
[saved 79/84] PR10 (288) R1: obj=16856.13 tour=74
[saved 80/84] PR10 (288) R2/1: obj=16142.50 tour=73
[saved 81/84] PR10 (288) R3/1: obj=16384.74 tour=77
[saved 82/84] PR10 (288) R3/3: obj=16339.57 tour=76
[saved 83/84] PR10 (288) R4: obj=16426.08 tour=77
[saved 84/84] PR10 (288) R3/2: obj=16062.68 tour=76

==============================================================
DONE -> /Users/kirtisoglu/GitHub/UAV-Routing/paper_runs/results/initial_tours.csv
